#! /opt/homebrew/Cellar/icarus-verilog/12.0/bin/vvp
:ivl_version "12.0 (stable)";
:ivl_delay_selection "TYPICAL";
:vpi_time_precision + 0;
:vpi_module "/opt/homebrew/Cellar/icarus-verilog/12.0/lib/ivl/system.vpi";
:vpi_module "/opt/homebrew/Cellar/icarus-verilog/12.0/lib/ivl/vhdl_sys.vpi";
:vpi_module "/opt/homebrew/Cellar/icarus-verilog/12.0/lib/ivl/vhdl_textio.vpi";
:vpi_module "/opt/homebrew/Cellar/icarus-verilog/12.0/lib/ivl/v2005_math.vpi";
:vpi_module "/opt/homebrew/Cellar/icarus-verilog/12.0/lib/ivl/va_math.vpi";
S_0x137804170 .scope module, "dff_tb" "dff_tb" 2 1;
 .timescale 0 0;
v0x137814880_0 .var "clk", 0 0;
v0x137814920_0 .var "d", 0 0;
v0x1378149d0_0 .net "q", 0 0, v0x1378146d0_0;  1 drivers
v0x137814aa0_0 .var "reset", 0 0;
S_0x1378042f0 .scope module, "dd" "dff" 2 5, 3 1 0, S_0x137804170;
 .timescale 0 0;
    .port_info 0 /INPUT 1 "clk";
    .port_info 1 /INPUT 1 "reset";
    .port_info 2 /INPUT 1 "d";
    .port_info 3 /OUTPUT 1 "q";
v0x137804580_0 .net "clk", 0 0, v0x137814880_0;  1 drivers
v0x137814630_0 .net "d", 0 0, v0x137814920_0;  1 drivers
v0x1378146d0_0 .var "q", 0 0;
v0x137814780_0 .net "reset", 0 0, v0x137814aa0_0;  1 drivers
E_0x137804520 .event posedge, v0x137814780_0, v0x137804580_0;
    .scope S_0x1378042f0;
T_0 ;
    %wait E_0x137804520;
    %load/vec4 v0x137814780_0;
    %flag_set/vec4 8;
    %jmp/0xz  T_0.0, 8;
    %pushi/vec4 0, 0, 1;
    %assign/vec4 v0x1378146d0_0, 0;
    %jmp T_0.1;
T_0.0 ;
    %load/vec4 v0x137814630_0;
    %assign/vec4 v0x1378146d0_0, 0;
T_0.1 ;
    %jmp T_0;
    .thread T_0;
    .scope S_0x137804170;
T_1 ;
    %pushi/vec4 0, 0, 1;
    %store/vec4 v0x137814880_0, 0, 1;
T_1.0 ;
    %delay 5, 0;
    %load/vec4 v0x137814880_0;
    %inv;
    %store/vec4 v0x137814880_0, 0, 1;
    %jmp T_1.0;
    %end;
    .thread T_1;
    .scope S_0x137804170;
T_2 ;
    %vpi_call 2 13 "$display", "Time\011clk\011reset\011q" {0 0 0};
    %vpi_call 2 14 "$monitor", "%2d\011%b\011%b\011%b\011", $time, v0x137814880_0, v0x137814aa0_0, v0x1378149d0_0 {0 0 0};
    %pushi/vec4 1, 0, 1;
    %store/vec4 v0x137814aa0_0, 0, 1;
    %pushi/vec4 0, 0, 1;
    %store/vec4 v0x137814920_0, 0, 1;
    %delay 5, 0;
    %pushi/vec4 0, 0, 1;
    %store/vec4 v0x137814aa0_0, 0, 1;
    %pushi/vec4 1, 0, 1;
    %store/vec4 v0x137814920_0, 0, 1;
    %delay 10, 0;
    %pushi/vec4 0, 0, 1;
    %store/vec4 v0x137814920_0, 0, 1;
    %delay 10, 0;
    %pushi/vec4 1, 0, 1;
    %store/vec4 v0x137814920_0, 0, 1;
    %delay 10, 0;
    %pushi/vec4 1, 0, 1;
    %store/vec4 v0x137814aa0_0, 0, 1;
    %delay 5, 0;
    %pushi/vec4 0, 0, 1;
    %store/vec4 v0x137814aa0_0, 0, 1;
    %delay 10, 0;
    %pushi/vec4 0, 0, 1;
    %store/vec4 v0x137814920_0, 0, 1;
    %delay 10, 0;
    %vpi_call 2 22 "$finish" {0 0 0};
    %end;
    .thread T_2;
# The file index is used to find the file name in the following table.
:file_names 4;
    "N/A";
    "<interactive>";
    "dff_tb.v";
    "dff.v";
